<!DOCTYPE html><html lang="ru"><head>
  <meta charset="UTF-8">
  <title>Page for download</title>
  <link rel="stylesheet" media="all" href="https://cdn2.hexlet.io/assets/menu.css">
   <link rel="stylesheet" media="all" href="tests-io_files/tests-io-styles.css">
</head>
<body>
   <img class="image" src="tests-io_files/tests-io-test.png" alt="Node.js icon">
   <script src="https://example.com/packs/js/runtime.js"></script>
   <script src="tests-io_files/tests-io-main.js"></script>

</body></html>